Processing lm4f120_launchpad (platform: titiva; board: lplm4f120h5qr; framework: arduino)
--------------------------------------------------------------------------------
Verbose mode can be enabled via `-v, --verbose` option
CONFIGURATION: https://docs.platformio.org/page/boards/titiva/lplm4f120h5qr.html
PLATFORM: TI TIVA (3.1.0) > TI LaunchPad (Stellaris) w/ lm4f120 (80MHz)
HARDWARE: LPLM4F120H5QR 80MHz, 32KB RAM, 256KB Flash
DEBUG: Current (ti-icdi) On-board (ti-icdi)
PACKAGES: 
 - framework-energiativa @ 1.10002.0 (1.0.2) 
 - toolchain-gccarmnoneeabi @ 1.40804.0 (4.8.4)
LDF: Library Dependency Finder -> https://bit.ly/configure-pio-ldf
LDF Modes: Finder ~ chain, Compatibility ~ soft
Found 22 compatible libraries
Scanning dependencies...
No dependencies
Building in release mode
Compiling .pio\build\lm4f120_launchpad\src\main.cpp.o
Compiling .pio\build\lm4f120_launchpad\FrameworkEnergia\HardwareSerial.cpp.o
Compiling .pio\build\lm4f120_launchpad\FrameworkEnergia\IPAddress.cpp.o
Compiling .pio\build\lm4f120_launchpad\FrameworkEnergia\MACAddress.cpp.o
Compiling .pio\build\lm4f120_launchpad\FrameworkEnergia\Print.cpp.o
Compiling .pio\build\lm4f120_launchpad\FrameworkEnergia\Stream.cpp.o
Compiling .pio\build\lm4f120_launchpad\FrameworkEnergia\Tone.cpp.o
Compiling .pio\build\lm4f120_launchpad\FrameworkEnergia\WInterrupts.c.o
pio : cc1plus.exe: fatal error: =src/energia_compat.h: No such file or 
directory
Au caractère Ligne:1 : 1
+ pio run 2>&1 | Tee-Object -FilePath build_output.txt; $LASTEXITCODE
+ ~~~~~~~~~~~~
    + CategoryInfo          : NotSpecified: (cc1plus.exe: fa...le or directory 
   :String) [], RemoteException
    + FullyQualifiedErrorId : NativeCommandError
 
compilation terminated.
cc1plus.exe: fatal error: =src/energia_compat.h: No such file or directory
compilation terminated.
cc1plus.exe: fatal error: =src/energia_compat.h: No such file or directory
compilation terminated.
*** [.pio\build\lm4f120_launchpad\src\main.cpp.o] Error 1
*** [.pio\build\lm4f120_launchpad\FrameworkEnergia\HardwareSerial.cpp.o] Error 
1
cc1plus.exe: fatal error: =src/energia_compat.h: No such file or directory
compilation terminated.
*** [.pio\build\lm4f120_launchpad\FrameworkEnergia\IPAddress.cpp.o] Error 1
cc1plus.exe: fatal error: =src/energia_compat.h: No such file or directory
compilation terminated.
*** [.pio\build\lm4f120_launchpad\FrameworkEnergia\MACAddress.cpp.o] Error 1
*** [.pio\build\lm4f120_launchpad\FrameworkEnergia\Print.cpp.o] Error 1
cc1plus.exe: fatal error: =src/energia_compat.h: No such file or directory
compilation terminated.
*** [.pio\build\lm4f120_launchpad\FrameworkEnergia\Stream.cpp.o] Error 1
cc1plus.exe: fatal error: =src/energia_compat.h: No such file or directory
compilation terminated.
cc1.exe: fatal error: =src/energia_compat.h: No such file or directory
compilation terminated.
*** [.pio\build\lm4f120_launchpad\FrameworkEnergia\Tone.cpp.o] Error 1
*** [.pio\build\lm4f120_launchpad\FrameworkEnergia\WInterrupts.c.o] Error 1
========================== [FAILED] Took 1.26 seconds 
==========================
